Iniciando importación desde Excel...
Leídas 695 filas del archivo Excel.
Categorías sincronizadas.
Insertando productos...
Insertados 100 de 695...
Insertados 200 de 695...
Error durante importación: DrizzleQueryError: Failed query: insert into "products" ("id", "name", "cod_barra", "category_id", "price_group_id", "cost", "price", "units_per_pack", "pack_price", "use_suggested_price", "suggested_price_percent", "stock", "min_stock", "icon", "is_available", "created_at") values (null, ?, null, ?, null, ?, ?, ?, ?, ?, null, ?, ?, ?, ?, (datetime('now','localtime'))), (null, ?, null, ?, null, ?, ?, ?, ?, ?, null, ?, ?, ?, ?, (datetime('now','localtime'))), (null, ?, null, ?, null, ?, ?, ?, ?, ?, null, ?, ?, ?, ?, (datetime('now','localtime'))), (null, ?, null, ?, null, ?, ?, ?, ?, ?, null, ?, ?, ?, ?, (datetime('now','localtime'))), (null, ?, null, ?, null, ?, ?, ?, ?, ?, null, ?, ?, ?, ?, (datetime('now','localtime'))), (null, ?, null, ?, null, ?, ?, ?, ?, ?, null, ?, ?, ?, ?, (datetime('now','localtime'))), (null, ?, null, ?, null, ?, ?, ?, ?, ?, null, ?, ?, ?, ?, (datetime('now','localtime'))), (null, ?, null, ?, null, ?, ?, ?, ?, ?, null, ?, ?, ?, ?, (datetime('now','localtime'))), (null, ?, null, ?, null, ?, ?, ?, ?, ?, null, ?, ?, ?, ?, (datetime('now','localtime'))), (null, ?, null, ?, null, ?, ?, ?, ?, ?, null, ?, ?, ?, ?, (datetime('now','localtime'))), (null, ?, null, ?, null, ?, ?, ?, ?, ?, null, ?, ?, ?, ?, (datetime('now','localtime'))), (null, ?, null, ?, null, ?, ?, ?, ?, ?, null, ?, ?, ?, ?, (datetime('now','localtime'))), (null, ?, null, ?, null, ?, ?, ?, ?, ?, null, ?, ?, ?, ?, (datetime('now','localtime'))), (null, ?, null, ?, null, ?, ?, ?, ?, ?, null, ?, ?, ?, ?, (datetime('now','localtime'))), (null, ?, null, ?, null, ?, ?, ?, ?, ?, null, ?, ?, ?, ?, (datetime('now','localtime'))), (null, ?, null, ?, null, ?, ?, ?, ?, ?, null, ?, ?, ?, ?, (datetime('now','localtime'))), (null, ?, null, ?, null, ?, ?, ?, ?, ?, null, ?, ?, ?, ?, (datetime('now','localtime'))), (null, ?, null, ?, null, ?, ?, ?, ?, ?, null, ?, ?, ?, ?, (datetime('now','localtime'))), (null, ?, null, ?, null, ?, ?, ?, ?, ?, null, ?, ?, ?, ?, (datetime('now','localtime'))), (null, ?, null, ?, null, ?, ?, ?, ?, ?, null, ?, ?, ?, ?, (datetime('now','localtime'))), (null, ?, null, ?, null, ?, ?, ?, ?, ?, null, ?, ?, ?, ?, (datetime('now','localtime'))), (null, ?, null, ?, null, ?, ?, ?, ?, ?, null, ?, ?, ?, ?, (datetime('now','localtime'))), (null, ?, null, ?, null, ?, ?, ?, ?, ?, null, ?, ?, ?, ?, (datetime('now','localtime'))), (null, ?, null, ?, null, ?, ?, ?, ?, ?, null, ?, ?, ?, ?, (datetime('now','localtime'))), (null, ?, null, ?, null, ?, ?, ?, ?, ?, null, ?, ?, ?, ?, (datetime('now','localtime'))), (null, ?, null, ?, null, ?, ?, ?, ?, ?, null, ?, ?, ?, ?, (datetime('now','localtime'))), (null, ?, null, ?, null, ?, ?, ?, ?, ?, null, ?, ?, ?, ?, (datetime('now','localtime'))), (null, ?, null, ?, null, ?, ?, ?, ?, ?, null, ?, ?, ?, ?, (datetime('now','localtime'))), (null, ?, null, ?, null, ?, ?, ?, ?, ?, null, ?, ?, ?, ?, (datetime('now','localtime'))), (null, ?, null, ?, null, ?, ?, ?, ?, ?, null, ?, ?, ?, ?, (datetime('now','localtime'))), (null, ?, null, ?, null, ?, ?, ?, ?, ?, null, ?, ?, ?, ?, (datetime('now','localtime'))), (null, ?, null, ?, null, ?, ?, ?, ?, ?, null, ?, ?, ?, ?, (datetime('now','localtime'))), (null, ?, null, ?, null, ?, ?, ?, ?, ?, null, ?, ?, ?, ?, (datetime('now','localtime'))), (null, ?, null, ?, null, ?, ?, ?, ?, ?, null, ?, ?, ?, ?, (datetime('now','localtime'))), (null, ?, null, ?, null, ?, ?, ?, ?, ?, null, ?, ?, ?, ?, (datetime('now','localtime'))), (null, ?, null, ?, null, ?, ?, ?, ?, ?, null, ?, ?, ?, ?, (datetime('now','localtime'))), (null, ?, null, ?, null, ?, ?, ?, ?, ?, null, ?, ?, ?, ?, (datetime('now','localtime'))), (null, ?, null, ?, null, ?, ?, ?, ?, ?, null, ?, ?, ?, ?, (datetime('now','localtime'))), (null, ?, null, ?, null, ?, ?, ?, ?, ?, null, ?, ?, ?, ?, (datetime('now','localtime'))), (null, ?, null, ?, null, ?, ?, ?, ?, ?, null, ?, ?, ?, ?, (datetime('now','localtime'))), (null, ?, null, ?, null, ?, ?, ?, ?, ?, null, ?, ?, ?, ?, (datetime('now','localtime'))), (null, ?, null, ?, null, ?, ?, ?, ?, ?, null, ?, ?, ?, ?, (datetime('now','localtime'))), (null, ?, null, ?, null, ?, ?, ?, ?, ?, null, ?, ?, ?, ?, (datetime('now','localtime'))), (null, ?, null, ?, null, ?, ?, ?, ?, ?, null, ?, ?, ?, ?, (datetime('now','localtime'))), (null, ?, null, ?, null, ?, ?, ?, ?, ?, null, ?, ?, ?, ?, (datetime('now','localtime'))), (null, ?, null, ?, null, ?, ?, ?, ?, ?, null, ?, ?, ?, ?, (datetime('now','localtime'))), (null, ?, null, ?, null, ?, ?, ?, ?, ?, null, ?, ?, ?, ?, (datetime('now','localtime'))), (null, ?, null, ?, null, ?, ?, ?, ?, ?, null, ?, ?, ?, ?, (datetime('now','localtime'))), (null, ?, null, ?, null, ?, ?, ?, ?, ?, null, ?, ?, ?, ?, (datetime('now','localtime'))), (null, ?, null, ?, null, ?, ?, ?, ?, ?, null, ?, ?, ?, ?, (datetime('now','localtime'))), (null, ?, null, ?, null, ?, ?, ?, ?, ?, null, ?, ?, ?, ?, (datetime('now','localtime'))), (null, ?, null, ?, null, ?, ?, ?, ?, ?, null, ?, ?, ?, ?, (datetime('now','localtime'))), (null, ?, null, ?, null, ?, ?, ?, ?, ?, null, ?, ?, ?, ?, (datetime('now','localtime'))), (null, ?, null, ?, null, ?, ?, ?, ?, ?, null, ?, ?, ?, ?, (datetime('now','localtime'))), (null, ?, null, ?, null, ?, ?, ?, ?, ?, null, ?, ?, ?, ?, (datetime('now','localtime'))), (null, ?, null, ?, null, ?, ?, ?, ?, ?, null, ?, ?, ?, ?, (datetime('now','localtime'))), (null, ?, null, ?, null, ?, ?, ?, ?, ?, null, ?, ?, ?, ?, (datetime('now','localtime'))), (null, ?, null, ?, null, ?, ?, ?, ?, ?, null, ?, ?, ?, ?, (datetime('now','localtime'))), (null, ?, null, ?, null, ?, ?, ?, ?, ?, null, ?, ?, ?, ?, (datetime('now','localtime'))), (null, ?, null, ?, null, ?, ?, ?, ?, ?, null, ?, ?, ?, ?, (datetime('now','localtime'))), (null, ?, null, ?, null, ?, ?, ?, ?, ?, null, ?, ?, ?, ?, (datetime('now','localtime'))), (null, ?, null, ?, null, ?, ?, ?, ?, ?, null, ?, ?, ?, ?, (datetime('now','localtime'))), (null, ?, null, ?, null, ?, ?, ?, ?, ?, null, ?, ?, ?, ?, (datetime('now','localtime'))), (null, ?, null, ?, null, ?, ?, ?, ?, ?, null, ?, ?, ?, ?, (datetime('now','localtime'))), (null, ?, null, ?, null, ?, ?, ?, ?, ?, null, ?, ?, ?, ?, (datetime('now','localtime'))), (null, ?, null, ?, null, ?, ?, ?, ?, ?, null, ?, ?, ?, ?, (datetime('now','localtime'))), (null, ?, null, ?, null, ?, ?, ?, ?, ?, null, ?, ?, ?, ?, (datetime('now','localtime'))), (null, ?, null, ?, null, ?, ?, ?, ?, ?, null, ?, ?, ?, ?, (datetime('now','localtime'))), (null, ?, null, ?, null, ?, ?, ?, ?, ?, null, ?, ?, ?, ?, (datetime('now','localtime'))), (null, ?, null, ?, null, ?, ?, ?, ?, ?, null, ?, ?, ?, ?, (datetime('now','localtime'))), (null, ?, null, ?, null, ?, ?, ?, ?, ?, null, ?, ?, ?, ?, (datetime('now','localtime'))), (null, ?, null, ?, null, ?, ?, ?, ?, ?, null, ?, ?, ?, ?, (datetime('now','localtime'))), (null, ?, null, ?, null, ?, ?, ?, ?, ?, null, ?, ?, ?, ?, (datetime('now','localtime'))), (null, ?, null, ?, null, ?, ?, ?, ?, ?, null, ?, ?, ?, ?, (datetime('now','localtime'))), (null, ?, null, ?, null, ?, ?, ?, ?, ?, null, ?, ?, ?, ?, (datetime('now','localtime'))), (null, ?, null, ?, null, ?, ?, ?, ?, ?, null, ?, ?, ?, ?, (datetime('now','localtime'))), (null, ?, null, ?, null, ?, ?, ?, ?, ?, null, ?, ?, ?, ?, (datetime('now','localtime'))), (null, ?, null, ?, null, ?, ?, ?, ?, ?, null, ?, ?, ?, ?, (datetime('now','localtime'))), (null, ?, null, ?, null, ?, ?, ?, ?, ?, null, ?, ?, ?, ?, (datetime('now','localtime'))), (null, ?, null, ?, null, ?, ?, ?, ?, ?, null, ?, ?, ?, ?, (datetime('now','localtime'))), (null, ?, null, ?, null, ?, ?, ?, ?, ?, null, ?, ?, ?, ?, (datetime('now','localtime'))), (null, ?, null, ?, null, ?, ?, ?, ?, ?, null, ?, ?, ?, ?, (datetime('now','localtime'))), (null, ?, null, ?, null, ?, ?, ?, ?, ?, null, ?, ?, ?, ?, (datetime('now','localtime'))), (null, ?, null, ?, null, ?, ?, ?, ?, ?, null, ?, ?, ?, ?, (datetime('now','localtime'))), (null, ?, null, ?, null, ?, ?, ?, ?, ?, null, ?, ?, ?, ?, (datetime('now','localtime'))), (null, ?, null, ?, null, ?, ?, ?, ?, ?, null, ?, ?, ?, ?, (datetime('now','localtime'))), (null, ?, null, ?, null, ?, ?, ?, ?, ?, null, ?, ?, ?, ?, (datetime('now','localtime'))), (null, ?, null, ?, null, ?, ?, ?, ?, ?, null, ?, ?, ?, ?, (datetime('now','localtime'))), (null, ?, null, ?, null, ?, ?, ?, ?, ?, null, ?, ?, ?, ?, (datetime('now','localtime'))), (null, ?, null, ?, null, ?, ?, ?, ?, ?, null, ?, ?, ?, ?, (datetime('now','localtime'))), (null, ?, null, ?, null, ?, ?, ?, ?, ?, null, ?, ?, ?, ?, (datetime('now','localtime'))), (null, ?, null, ?, null, ?, ?, ?, ?, ?, null, ?, ?, ?, ?, (datetime('now','localtime'))), (null, ?, null, ?, null, ?, ?, ?, ?, ?, null, ?, ?, ?, ?, (datetime('now','localtime'))), (null, ?, null, ?, null, ?, ?, ?, ?, ?, null, ?, ?, ?, ?, (datetime('now','localtime'))), (null, ?, null, ?, null, ?, ?, ?, ?, ?, null, ?, ?, ?, ?, (datetime('now','localtime'))), (null, ?, null, ?, null, ?, ?, ?, ?, ?, null, ?, ?, ?, ?, (datetime('now','localtime'))), (null, ?, null, ?, null, ?, ?, ?, ?, ?, null, ?, ?, ?, ?, (datetime('now','localtime'))), (null, ?, null, ?, null, ?, ?, ?, ?, ?, null, ?, ?, ?, ?, (datetime('now','localtime'))), (null, ?, null, ?, null, ?, ?, ?, ?, ?, null, ?, ?, ?, ?, (datetime('now','localtime'))), (null, ?, null, ?, null, ?, ?, ?, ?, ?, null, ?, ?, ?, ?, (datetime('now','localtime'))) on conflict do nothing
params: vaso,tapas y pote VASO PLASTICO PLASTIVAS 110CC CRISTAL (T.N°63) PX100,16,6513.8,110,13,127019.17,0,0,5,Package,1,vaso,tapas y pote VASO PLASTICO PLASTIVAS 110CC NATURAL (T.N°63) PX100,16,4322.2,75,13,84282.94,0,0,5,Package,1,vaso,tapas y pote VASO PLASTICO PLASTIVAS 330CC NATURAL (T.N°80) PX100,16,5832.37,100,24,209965.28,0,0,5,Package,1,vaso,tapas y pote VASO PLASTICO PLASTIVAS MILANO 370CC (T.N°88) PX40,16,11206,4,465,20,336194.4,0,0,5,Package,1,vaso,tapas y pote VASO PLASTICO PLASTIVAS MINI TOLEDO 270CC (T.N°88) PX40,16,6674.49,280,20,200234.74,0,0,5,Package,1,vaso,tapas y pote VASO PLASTICO PLASTIVAS SHOT POSTRE 100CC PX50,16,4136.22,140,24,148903.95,0,0,5,Package,1,vaso,tapas y pote VASO PLASTICO PLASTIVAS TOLEDO 325CC (T.N°88) PX40,16,8974,71,380,20,NaN,0,0,5,Package,1,vaso,tapas y pote VASO PLASTICO PP 1000CC FOOD SOLUTIONS PX50,16,8329.42,14992.96,12,149929.62,0,0,5,Package,1,vaso,tapas y pote VASO PLASTICO PP 110CC FOOD SOLUTIONS PX100,16,3596.61,55,36,194216.92,0,0,5,Package,1,vaso,tapas y pote VASO PLASTICO PP 180CC FOOD SOLUTIONS PX100,16,3738.75,60,30,154796.25,0,0,5,Package,1,vaso,tapas y pote VASO PLASTICO PP 220CC FOOD SOLUTIONS PX100,16,4358.75,70,30,180448.61,0,0,5,Package,1,vaso,tapas y pote VASO PLASTICO PP 330CC FOOD SOLUTIONS PX100,16,4936.92,80,24,177729.26,0,0,5,Package,1,vaso,tapas y pote VASO PLASTICO PP 500CC FOOD SOLUTIONS PX50,16,4330.86,150,20,129925.8,0,0,5,Package,1,vaso,tapas y pote VASO PLASTICO PP 800CC FOOD SOLUTIONS PX50,16,6514.09,230,12,117244.8,0,0,5,Package,1,vaso, tapas y pote VASO FERNETERO PLASTIVAS 800CC CRISTAL X15,17,7139.19,750,10,7500,0,0,5,Package,1,vaso,tapas y pote VASO PLASTICO PP WORK 1000CC PX50,16,8178.22,250,12,147207.95,0,0,5,Package,1,vaso,tapas y pote VASO PLASTICO PS 180CC FOOD SOLUTIONS PX100 COLORES VARIOS,16,4498.55,70,21,141704.4,0,0,5,Package,1,telgopor VASO TERMICO 120CC WELLCUP PX100,18,5146.7,100,10,1000,0,0,5,Package,1,telgorpor EXPANDIDO MARMITA TERMICA C/TAPA,19,384,60,300,172845,0,0,5,Package,1,telgorpor BANDEJA EXPANDIDO E150,19,70.8,150,400,42480,0,0,5,Package,1,telgorpor BANDEJA EXPANDIDO E170,19,37.76,120,400,22656,0,0,5,Package,1,telgorpor BANDEJA EXPANDIDO E180,19,56.64,140,400,33984,0,0,5,Package,1,telgorpor BANDEJA EXPANDIDO E190,19,74.34,160,400,44604,0,0,5,Package,1,telgorpor BANDEJA EXPANDIDO E250,19,143.75,240,300,45135,0,0,5,Package,1,telgorpor OBLEA N19,19,0,120,1,120,0,0,5,Package,1,telgorpor OBLEA N24,19,0,180,1,180,0,0,5,Package,1,telgorpor OBLEA N30,19,0,200,1,200,0,0,5,Package,1,telgorpor BANDEJA EXPANDIDO E280,19,141.6,270,200,42480,0,0,5,Package,1,telgorpor OBLEA EXPANDIDO E180,19,118,200,600,106200,0,0,5,Package,1,telgopor base telgopor,18,56.25,100,50,8437.5,0,0,5,Package,1,telgorpor OBLEA EXPANDIDO E190,19,279.69,400,600,251717.89,0,0,5,Package,1,hilo y otros HILO ALGODÓN BLANCO X 40GR,20,247.06,60,10,600,0,0,5,Package,1,hilo y otros HILO ALGODÓN BLANCO X 300GR,20,1281,230,10,2300,0,0,5,Package,1,hilo y otros HILO ALGODÓN CHORIZERO X 40GR,20,335.2,70,10,700,0,0,5,Package,1,hilo y otros HILO ALGODÓN CHORIZERO X 300GR,20,1731.85,280,10,2800,0,0,5,Package,1,molderia MOLDE BUDIN DE PAPEL 135X50X40 P/150 GRS PX100,21,11304.19,210,12,203475.43,0,0,5,Package,1,molderia MOLDE BUDIN DE PAPEL 185X50X50 P/300 GRS PX100,21,12837.02,240,10,2400,0,0,5,Package,1,molderia MOLDE BUDIN DE PAPEL 185X80X60 P/500 GRS PX100,21,16658.73,280,10,2800,0,0,5,Package,1,molderia MOLDE PAN DULCE PAPEL FTSIA. 100GR PX100,21,7210.98,120,10,1200,0,0,5,Package,1,molderia MOLDE PAN DULCE PAPEL FTSIA. 250GR PX100,21,8003.54,140,10,1400,0,0,5,Package,1,molderia MOLDE PAN DULCE PAPEL FTSIA. 500GR PX100,21,9654.14,170,10,1700,0,0,5,Package,1,molderia MOLDE PAN DULCE PAPEL FTSIA. 1KG PX100,21,11271.69,190,10,1900,0,0,5,Package,1,molderia MOLDE ROSCA D/PAPEL 18CM PX100,21,236,400,100,35526.3,0,0,5,Package,1,molderia MOLDE ROSCA D/PAPEL 20CM PX100,21,248.17,430,100,37226.1,0,0,5,Package,1,molderia MOLDE ROSCA D/PAPEL 22CM PX100,21,261.11,440,100,39171.63,0,0,5,Package,1,molderia PIROTINES BLANCO Nº 3 GUELL CX1000,21,5181.87,30,5000,38864,0,0,5,Package,1,molderia PIROTINES BLANCO Nº 4 GUELL CX100,21,5181.87,30,5000,38864,0,0,5,Package,1,molderia PIROTINES BLANCO Nº 5 GUELL CX1000,21,5181.87,30,5000,38864,0,0,5,Package,1,molderia PIROTINES BLANCO Nº 6 GUELL CX1000,21,5575.44,40,5000,41815.78,0,0,5,Package,1,molderia PIROTINES BLANCO Nº 7 GUELL CX1000,21,6180.78,40,5000,46355.85,0,0,5,Package,1,molderia PIROTINES BLANCO Nº 8 GUELL CX1000,21,8053.74,40,5000,60403.08,0,0,5,Package,1,molderia PIROTINES BLANCO Nº 9 GUELL CX1000,21,9427.25,45,5000,70704.38,0,0,5,Package,1,molderia PIROTINES BLANCO Nº 10 GUELL CX1000,21,14496.74,50,5000,108725.54,0,0,5,Package,1,hilo y otros PRECINTO PLASTICO 6CM PX1KG.,20,1584.5313,100,1000,2376.8,0,0,5,Package,1,hilo y otros PRECINTO PLASTICO 9CM PX1KG.,20,2143.7812,120,1000,3215.67,0,0,5,Package,1,hilo y otros SORBETE SUR C/FUNDA BOLSON X1000UND,20,40.5,25,1,60764.85,0,0,5,Package,1,hilo y otros SORBETE SUR NEGROS XL SIN FUNDA CAJA X1000UND.,20,17434.3,40,5,130772.25,0,0,5,Package,1,hilo y otros SORBETE SUR COLOR XL PX100UND.,20,8.71,40,10,400,0,0,5,Package,1,hilo y otros SORBETE SUR FLEXIBLES COLOR PX100UND.,20,12.4,45,25,111981.26,0,0,5,Package,1,hilo y otros SORBETE SUR FLEXIBLES NEGROS CAJAX500UND.,20,29.86,50,1,9348.75,0,0,5,Package,1,hilo y otros SORBETE SUR DE PAPEL COLORES P25UND.,20,12.03,45,25,21574.85,0,0,5,Package,1,papel SERVILLETAS MAGICAS 18X18CM.C/GDA. COD.2000,22,5719.37,65,1,8579.06,0,0,5,Package,1,papel SERVILLETAS MAGICAS P/SERVILLETERO COD.10000,22,10260.41,70,1,15390.61,0,0,5,Package,1,papel TOALLA INTERCALADA 22X24CM BLANCA,22,5577.5,930,1,8366.25,0,0,5,Package,1,papel TOALLA INTERCALADA 22X24CM BEIGE,22,5074,850,1,7611,0,0,5,Package,1,papel TRIPODES PARA PIZZA BOLSA X 1 KG,22,2245.95,50,10,500,0,0,5,Package,1,papel MOLDE BIZCOCHUELO D/PAPEL 18CM PX100,22,207.2,320,100,31080.51,0,0,5,Package,1,papel MOLDE BIZCOCHUELO D/PAPEL 20CM PX100,22,218.53,340,100,32780.37,0,0,5,Package,1,papel MOLDE BIZCOCHUELO D/PAPEL 22CM PX100,22,231.5,360,100,34725.81,0,0,5,Package,1,bolsa BOLSAS EMBLOCADAS 30X40 POLIMUNDI P1000,11,1788.27,270,5,134120.47,0,0,5,Package,1,hilos y otros GUANTES LATEX KEY CHICO/MEDIANO/GRANDE CX100,23,5463.91,910,10,9100,0,0,5,Package,1,madera ESCARBADIENTES CAJA GRANEL X 500 UND,24,3519,60,10,600,0,0,5,Package,1,madera ESCARBADIENTES CAJA GRANEL X 3000 UND.,24,5750,150,10,1500,0,0,5,Package,1,madera ESCARBADIENTES BLISTER X 12UND,24,437,80,1,65550,0,0,5,Package,1,madera PALITO BROCHETTE 15CM.PX80,24,500.25,120,100,75037.5,0,0,5,Package,1,madera PALITO BROCHETTE 25CM.PX80,24,558.9,150,100,83835,0,0,5,Package,1,madera PINCHOS CATERING 100MM PX50U,24,824.17,140,90,111262.5,0,0,5,Package,1,madera PALITO P/HELADO MADERA NATURAL X50UND.,24,460,100,50,34500,0,0,5,Package,1,madera PALITO P/HELADO MADERA COLORES X50UND,24,655,120,50,49162.5,0,0,5,Package,1,madera PALITO REMOVEDOR 11CM MADERA CAJAX1500U,24,5.749,50,1,12937.41,0,0,5,Package,1,madera CUCHARA MADERA CHICA P50,24,1160.93,200,60,104483.25,0,0,5,Package,1,madera CUCHARA MADERA LARGA P50,24,1481.09,250,30,66648.83,0,0,5,Package,1,madera CUCHILLO MADERA P50,24,1279.95,220,30,57597.75,0,0,5,Package,1,madera TENEDOR MADERA P50,24,1645.65,280,30,74054.25,0,0,5,Package,1,hilo y otros CINTA DECORATIVA LISA 10MM X 250 Mts.,20,6215.68,200,10,2000,0,0,5,Package,1,hilo y otros CINTA DECORATIVA LISA 10MM X 50 Mts.,20,1476.68,250,10,2500,0,0,5,Package,1,hilo y otros CINTA DECORATIVA LISA 20MM X 25 Mts.,20,1330.19,230,10,2300,0,0,5,Package,1,hilo y otros CINTA DECORATIVA BANDERA 25MM X 50 Mts.,20,4161.75,640,5,31213.14,0,0,5,Package,1,hilo y otros CINTA DECORATIVA LISA 40MM X 25 Mts,20,2573.88,430,10,4300,0,0,5,Package,1,hilo y otros CINTA DECORATIVA BANDERA 40MM X 25 Mts.,20,6437.44,990,10,9900,0,0,5,Package,1,hilo y otros CINTA PP.AUTOADHESIVA 12MM X25MT. AUCA,20,325.11,100,12,5851.99,0,0,5,Package,1,hilo y otros CINTA PP.AUTOADHESIVA 18MM X25MT. AUCA,20,588.99,1060.18,12,10601.9,0,0,5,Package,1,hilo y otros CINTA PP AUTOADHESIVA 48MM X90MT. AUCA,20,1500.57,280,36,81030.52,0,0,5,Package,1,hilo y otros CINTA DE PAPEL AUTOADHESIVA 12MM.X 40MT,20,772.71,1390.88,12,13908.75,0,0,5,Package,1,hilo y otros CINTA DE PAPEL AUTOADHESIVA 18MMX 40MT,20,1033.87,1860.97,12,18609.6,0,0,5,Package,1,hilo y otros CINTA DE PAPEL AUTOADHESIVA 24MMX 40MT,20,1378.49,2481.28,12,24812.79,0,0,5,Package,1,descartables CUCHARITA P/HELADO CLASICA BSAX1KG,10,5493.6,85,10,850,0,0,5,Package,1,descartables CUCHARITA EUROPEA OPACA BSAX1KG,10,6261.5,100,10,1000,0,0,5,Package,1,descartables CUCHARITA EUROPEA CRISTAL COLOR VARIOS PX1KG,10,14731.5,26516.7,10,107101.51,0,0,5,Package,1,descartables CUCHARA SUNDAE FOURT BLANCA BSAX1KG,10,6263.15,30,10,300,0,0,5,Package,1
    at LibSQLPreparedQuery.queryWithCache (file:///home/mateo/Escritorio/trabajo/descartables-yofre/backend/node_modules/.pnpm/drizzle-orm@0.44.7_@libsql+client@0.14.0/node_modules/drizzle-orm/sqlite-core/session.js:43:15)
    at process.processTicksAndRejections (node:internal/process/task_queues:104:5)
    at async LibSQLPreparedQuery.run (file:///home/mateo/Escritorio/trabajo/descartables-yofre/backend/node_modules/.pnpm/drizzle-orm@0.44.7_@libsql+client@0.14.0/node_modules/drizzle-orm/libsql/session.js:121:12)
    at async run (file:///home/mateo/Escritorio/trabajo/descartables-yofre/backend/src/db/import-excel.js:80:5) {
  query: `insert into "products" ("id", "name", "cod_barra", "category_id", "price_group_id", "cost", "price", "units_per_pack", "pack_price", "use_suggested_price", "suggested_price_percent", "stock", "min_stock", "icon", "is_available", "created_at") values (null, ?, null, ?, null, ?, ?, ?, ?, ?, null, ?, ?, ?, ?, (datetime('now','localtime'))), (null, ?, null, ?, null, ?, ?, ?, ?, ?, null, ?, ?, ?, ?, (datetime('now','localtime'))), (null, ?, null, ?, null, ?, ?, ?, ?, ?, null, ?, ?, ?, ?, (datetime('now','localtime'))), (null, ?, null, ?, null, ?, ?, ?, ?, ?, null, ?, ?, ?, ?, (datetime('now','localtime'))), (null, ?, null, ?, null, ?, ?, ?, ?, ?, null, ?, ?, ?, ?, (datetime('now','localtime'))), (null, ?, null, ?, null, ?, ?, ?, ?, ?, null, ?, ?, ?, ?, (datetime('now','localtime'))), (null, ?, null, ?, null, ?, ?, ?, ?, ?, null, ?, ?, ?, ?, (datetime('now','localtime'))), (null, ?, null, ?, null, ?, ?, ?, ?, ?, null, ?, ?, ?, ?, (datetime('now','localtime'))), (null, ?, null, ?, null, ?, ?, ?, ?, ?, null, ?, ?, ?, ?, (datetime('now','localtime'))), (null, ?, null, ?, null, ?, ?, ?, ?, ?, null, ?, ?, ?, ?, (datetime('now','localtime'))), (null, ?, null, ?, null, ?, ?, ?, ?, ?, null, ?, ?, ?, ?, (datetime('now','localtime'))), (null, ?, null, ?, null, ?, ?, ?, ?, ?, null, ?, ?, ?, ?, (datetime('now','localtime'))), (null, ?, null, ?, null, ?, ?, ?, ?, ?, null, ?, ?, ?, ?, (datetime('now','localtime'))), (null, ?, null, ?, null, ?, ?, ?, ?, ?, null, ?, ?, ?, ?, (datetime('now','localtime'))), (null, ?, null, ?, null, ?, ?, ?, ?, ?, null, ?, ?, ?, ?, (datetime('now','localtime'))), (null, ?, null, ?, null, ?, ?, ?, ?, ?, null, ?, ?, ?, ?, (datetime('now','localtime'))), (null, ?, null, ?, null, ?, ?, ?, ?, ?, null, ?, ?, ?, ?, (datetime('now','localtime'))), (null, ?, null, ?, null, ?, ?, ?, ?, ?, null, ?, ?, ?, ?, (datetime('now','localtime'))), (null, ?, null, ?, null, ?, ?, ?, ?, ?, null, ?, ?, ?, ?, (datetime('now','localtime'))), (null, ?, null, ?, null, ?, ?, ?, ?, ?, null, ?, ?, ?, ?, (datetime('now','localtime'))), (null, ?, null, ?, null, ?, ?, ?, ?, ?, null, ?, ?, ?, ?, (datetime('now','localtime'))), (null, ?, null, ?, null, ?, ?, ?, ?, ?, null, ?, ?, ?, ?, (datetime('now','localtime'))), (null, ?, null, ?, null, ?, ?, ?, ?, ?, null, ?, ?, ?, ?, (datetime('now','localtime'))), (null, ?, null, ?, null, ?, ?, ?, ?, ?, null, ?, ?, ?, ?, (datetime('now','localtime'))), (null, ?, null, ?, null, ?, ?, ?, ?, ?, null, ?, ?, ?, ?, (datetime('now','localtime'))), (null, ?, null, ?, null, ?, ?, ?, ?, ?, null, ?, ?, ?, ?, (datetime('now','localtime'))), (null, ?, null, ?, null, ?, ?, ?, ?, ?, null, ?, ?, ?, ?, (datetime('now','localtime'))), (null, ?, null, ?, null, ?, ?, ?, ?, ?, null, ?, ?, ?, ?, (datetime('now','localtime'))), (null, ?, null, ?, null, ?, ?, ?, ?, ?, null, ?, ?, ?, ?, (datetime('now','localtime'))), (null, ?, null, ?, null, ?, ?, ?, ?, ?, null, ?, ?, ?, ?, (datetime('now','localtime'))), (null, ?, null, ?, null, ?, ?, ?, ?, ?, null, ?, ?, ?, ?, (datetime('now','localtime'))), (null, ?, null, ?, null, ?, ?, ?, ?, ?, null, ?, ?, ?, ?, (datetime('now','localtime'))), (null, ?, null, ?, null, ?, ?, ?, ?, ?, null, ?, ?, ?, ?, (datetime('now','localtime'))), (null, ?, null, ?, null, ?, ?, ?, ?, ?, null, ?, ?, ?, ?, (datetime('now','localtime'))), (null, ?, null, ?, null, ?, ?, ?, ?, ?, null, ?, ?, ?, ?, (datetime('now','localtime'))), (null, ?, null, ?, null, ?, ?, ?, ?, ?, null, ?, ?, ?, ?, (datetime('now','localtime'))), (null, ?, null, ?, null, ?, ?, ?, ?, ?, null, ?, ?, ?, ?, (datetime('now','localtime'))), (null, ?, null, ?, null, ?, ?, ?, ?, ?, null, ?, ?, ?, ?, (datetime('now','localtime'))), (null, ?, null, ?, null, ?, ?, ?, ?, ?, null, ?, ?, ?, ?, (datetime('now','localtime'))), (null, ?, null, ?, null, ?, ?, ?, ?, ?, null, ?, ?, ?, ?, (datetime('now','localtime'))), (null, ?, null, ?, null, ?, ?, ?, ?, ?, null, ?, ?, ?, ?, (datetime('now','localtime'))), (null, ?, null, ?, null, ?, ?, ?, ?, ?, null, ?, ?, ?, ?, (datetime('now','localtime'))), (null, ?, null, ?, null, ?, ?, ?, ?, ?, null, ?, ?, ?, ?, (datetime('now','localtime'))), (null, ?, null, ?, null, ?, ?, ?, ?, ?, null, ?, ?, ?, ?, (datetime('now','localtime'))), (null, ?, null, ?, null, ?, ?, ?, ?, ?, null, ?, ?, ?, ?, (datetime('now','localtime'))), (null, ?, null, ?, null, ?, ?, ?, ?, ?, null, ?, ?, ?, ?, (datetime('now','localtime'))), (null, ?, null, ?, null, ?, ?, ?, ?, ?, null, ?, ?, ?, ?, (datetime('now','localtime'))), (null, ?, null, ?, null, ?, ?, ?, ?, ?, null, ?, ?, ?, ?, (datetime('now','localtime'))), (null, ?, null, ?, null, ?, ?, ?, ?, ?, null, ?, ?, ?, ?, (datetime('now','localtime'))), (null, ?, null, ?, null, ?, ?, ?, ?, ?, null, ?, ?, ?, ?, (datetime('now','localtime'))), (null, ?, null, ?, null, ?, ?, ?, ?, ?, null, ?, ?, ?, ?, (datetime('now','localtime'))), (null, ?, null, ?, null, ?, ?, ?, ?, ?, null, ?, ?, ?, ?, (datetime('now','localtime'))), (null, ?, null, ?, null, ?, ?, ?, ?, ?, null, ?, ?, ?, ?, (datetime('now','localtime'))), (null, ?, null, ?, null, ?, ?, ?, ?, ?, null, ?, ?, ?, ?, (datetime('now','localtime'))), (null, ?, null, ?, null, ?, ?, ?, ?, ?, null, ?, ?, ?, ?, (datetime('now','localtime'))), (null, ?, null, ?, null, ?, ?, ?, ?, ?, null, ?, ?, ?, ?, (datetime('now','localtime'))), (null, ?, null, ?, null, ?, ?, ?, ?, ?, null, ?, ?, ?, ?, (datetime('now','localtime'))), (null, ?, null, ?, null, ?, ?, ?, ?, ?, null, ?, ?, ?, ?, (datetime('now','localtime'))), (null, ?, null, ?, null, ?, ?, ?, ?, ?, null, ?, ?, ?, ?, (datetime('now','localtime'))), (null, ?, null, ?, null, ?, ?, ?, ?, ?, null, ?, ?, ?, ?, (datetime('now','localtime'))), (null, ?, null, ?, null, ?, ?, ?, ?, ?, null, ?, ?, ?, ?, (datetime('now','localtime'))), (null, ?, null, ?, null, ?, ?, ?, ?, ?, null, ?, ?, ?, ?, (datetime('now','localtime'))), (null, ?, null, ?, null, ?, ?, ?, ?, ?, null, ?, ?, ?, ?, (datetime('now','localtime'))), (null, ?, null, ?, null, ?, ?, ?, ?, ?, null, ?, ?, ?, ?, (datetime('now','localtime'))), (null, ?, null, ?, null, ?, ?, ?, ?, ?, null, ?, ?, ?, ?, (datetime('now','localtime'))), (null, ?, null, ?, null, ?, ?, ?, ?, ?, null, ?, ?, ?, ?, (datetime('now','localtime'))), (null, ?, null, ?, null, ?, ?, ?, ?, ?, null, ?, ?, ?, ?, (datetime('now','localtime'))), (null, ?, null, ?, null, ?, ?, ?, ?, ?, null, ?, ?, ?, ?, (datetime('now','localtime'))), (null, ?, null, ?, null, ?, ?, ?, ?, ?, null, ?, ?, ?, ?, (datetime('now','localtime'))), (null, ?, null, ?, null, ?, ?, ?, ?, ?, null, ?, ?, ?, ?, (datetime('now','localtime'))), (null, ?, null, ?, null, ?, ?, ?, ?, ?, null, ?, ?, ?, ?, (datetime('now','localtime'))), (null, ?, null, ?, null, ?, ?, ?, ?, ?, null, ?, ?, ?, ?, (datetime('now','localtime'))), (null, ?, null, ?, null, ?, ?, ?, ?, ?, null, ?, ?, ?, ?, (datetime('now','localtime'))), (null, ?, null, ?, null, ?, ?, ?, ?, ?, null, ?, ?, ?, ?, (datetime('now','localtime'))), (null, ?, null, ?, null, ?, ?, ?, ?, ?, null, ?, ?, ?, ?, (datetime('now','localtime'))), (null, ?, null, ?, null, ?, ?, ?, ?, ?, null, ?, ?, ?, ?, (datetime('now','localtime'))), (null, ?, null, ?, null, ?, ?, ?, ?, ?, null, ?, ?, ?, ?, (datetime('now','localtime'))), (null, ?, null, ?, null, ?, ?, ?, ?, ?, null, ?, ?, ?, ?, (datetime('now','localtime'))), (null, ?, null, ?, null, ?, ?, ?, ?, ?, null, ?, ?, ?, ?, (datetime('now','localtime'))), (null, ?, null, ?, null, ?, ?, ?, ?, ?, null, ?, ?, ?, ?, (datetime('now','localtime'))), (null, ?, null, ?, null, ?, ?, ?, ?, ?, null, ?, ?, ?, ?, (datetime('now','localtime'))), (null, ?, null, ?, null, ?, ?, ?, ?, ?, null, ?, ?, ?, ?, (datetime('now','localtime'))), (null, ?, null, ?, null, ?, ?, ?, ?, ?, null, ?, ?, ?, ?, (datetime('now','localtime'))), (null, ?, null, ?, null, ?, ?, ?, ?, ?, null, ?, ?, ?, ?, (datetime('now','localtime'))), (null, ?, null, ?, null, ?, ?, ?, ?, ?, null, ?, ?, ?, ?, (datetime('now','localtime'))), (null, ?, null, ?, null, ?, ?, ?, ?, ?, null, ?, ?, ?, ?, (datetime('now','localtime'))), (null, ?, null, ?, null, ?, ?, ?, ?, ?, null, ?, ?, ?, ?, (datetime('now','localtime'))), (null, ?, null, ?, null, ?, ?, ?, ?, ?, null, ?, ?, ?, ?, (datetime('now','localtime'))), (null, ?, null, ?, null, ?, ?, ?, ?, ?, null, ?, ?, ?, ?, (datetime('now','localtime'))), (null, ?, null, ?, null, ?, ?, ?, ?, ?, null, ?, ?, ?, ?, (datetime('now','localtime'))), (null, ?, null, ?, null, ?, ?, ?, ?, ?, null, ?, ?, ?, ?, (datetime('now','localtime'))), (null, ?, null, ?, null, ?, ?, ?, ?, ?, null, ?, ?, ?, ?, (datetime('now','localtime'))), (null, ?, null, ?, null, ?, ?, ?, ?, ?, null, ?, ?, ?, ?, (datetime('now','localtime'))), (null, ?, null, ?, null, ?, ?, ?, ?, ?, null, ?, ?, ?, ?, (datetime('now','localtime'))), (null, ?, null, ?, null, ?, ?, ?, ?, ?, null, ?, ?, ?, ?, (datetime('now','localtime'))), (null, ?, null, ?, null, ?, ?, ?, ?, ?, null, ?, ?, ?, ?, (datetime('now','localtime'))), (null, ?, null, ?, null, ?, ?, ?, ?, ?, null, ?, ?, ?, ?, (datetime('now','localtime'))), (null, ?, null, ?, null, ?, ?, ?, ?, ?, null, ?, ?, ?, ?, (datetime('now','localtime'))), (null, ?, null, ?, null, ?, ?, ?, ?, ?, null, ?, ?, ?, ?, (datetime('now','localtime'))), (null, ?, null, ?, null, ?, ?, ?, ?, ?, null, ?, ?, ?, ?, (datetime('now','localtime'))) on conflict do nothing`,
  params: [
    'vaso,tapas y pote VASO PLASTICO PLASTIVAS 110CC CRISTAL (T.N°63) PX100',
    16,
    6513.8,
    110,
    13,
    127019.17,
    0,
    0,
    5,
    'Package',
    1,
    'vaso,tapas y pote VASO PLASTICO PLASTIVAS 110CC NATURAL (T.N°63) PX100',
    16,
    4322.2,
    75,
    13,
    84282.94,
    0,
    0,
    5,
    'Package',
    1,
    'vaso,tapas y pote VASO PLASTICO PLASTIVAS 330CC NATURAL (T.N°80) PX100',
    16,
    5832.37,
    100,
    24,
    209965.28,
    0,
    0,
    5,
    'Package',
    1,
    'vaso,tapas y pote VASO PLASTICO PLASTIVAS MILANO 370CC (T.N°88) PX40',
    16,
    '11206,4',
    465,
    20,
    336194.4,
    0,
    0,
    5,
    'Package',
    1,
    'vaso,tapas y pote VASO PLASTICO PLASTIVAS MINI TOLEDO 270CC (T.N°88) PX40',
    16,
    6674.49,
    280,
    20,
    200234.74,
    0,
    0,
    5,
    'Package',
    1,
    'vaso,tapas y pote VASO PLASTICO PLASTIVAS SHOT POSTRE 100CC PX50',
    16,
    4136.22,
    140,
    24,
    148903.95,
    0,
    0,
    5,
    'Package',
    1,
    'vaso,tapas y pote VASO PLASTICO PLASTIVAS TOLEDO 325CC (T.N°88) PX40',
    16,
    '8974,71',
    380,
    20,
    NaN,
    0,
    0,
    5,
    'Package',
    1,
    'vaso,tapas y pote VASO PLASTICO PP 1000CC FOOD SOLUTIONS PX50',
    16,
    8329.42,
    14992.96,
    12,
    149929.62,
    0,
    0,
    5,
    'Package',
    1,
    'vaso,tapas y pote VASO PLASTICO PP 110CC FOOD SOLUTIONS PX100',
    16,
    3596.61,
    55,
    36,
    194216.92,
    0,
    0,
    5,
    'Package',
    1,
    'vaso,tapas y pote VASO PLASTICO PP 180CC FOOD SOLUTIONS PX100',
    ... 1000 more items
  ],
  cause: RangeError: Only finite numbers (not Infinity or NaN) can be passed as arguments
      at valueToProto (file:///home/mateo/Escritorio/trabajo/descartables-yofre/backend/node_modules/.pnpm/@libsql+hrana-client@0.7.0/node_modules/@libsql/hrana-client/lib-esm/value.js:12:19)
      at Stmt.bindIndexes (file:///home/mateo/Escritorio/trabajo/descartables-yofre/backend/node_modules/.pnpm/@libsql+hrana-client@0.7.0/node_modules/@libsql/hrana-client/lib-esm/stmt.js:22:29)
      at stmtToHrana (file:///home/mateo/Escritorio/trabajo/descartables-yofre/backend/node_modules/.pnpm/@libsql+client@0.14.0/node_modules/@libsql/client/lib-esm/hrana.js:246:19)
      at file:///home/mateo/Escritorio/trabajo/descartables-yofre/backend/node_modules/.pnpm/@libsql+client@0.14.0/node_modules/@libsql/client/lib-esm/http.js:61:35
      at run (/home/mateo/Escritorio/trabajo/descartables-yofre/backend/node_modules/.pnpm/promise-limit@2.7.0/node_modules/promise-limit/index.js:32:30)
      at HttpClient.semaphore (/home/mateo/Escritorio/trabajo/descartables-yofre/backend/node_modules/.pnpm/promise-limit@2.7.0/node_modules/promise-limit/index.js:49:14)
      at HttpClient.limit (file:///home/mateo/Escritorio/trabajo/descartables-yofre/backend/node_modules/.pnpm/@libsql+client@0.14.0/node_modules/@libsql/client/lib-esm/http.js:46:42)
      at HttpClient.execute (file:///home/mateo/Escritorio/trabajo/descartables-yofre/backend/node_modules/.pnpm/@libsql+client@0.14.0/node_modules/@libsql/client/lib-esm/http.js:59:21)
      at file:///home/mateo/Escritorio/trabajo/descartables-yofre/backend/node_modules/.pnpm/drizzle-orm@0.44.7_@libsql+client@0.14.0/node_modules/drizzle-orm/libsql/session.js:123:60
      at LibSQLPreparedQuery.queryWithCache (file:///home/mateo/Escritorio/trabajo/descartables-yofre/backend/node_modules/.pnpm/drizzle-orm@0.44.7_@libsql+client@0.14.0/node_modules/drizzle-orm/sqlite-core/session.js:41:22)
}
